// Jest Snapshot v1, https://goo.gl/fbAQLP

exports[`[Page] SignUpPage should render the page 1`] = `
ShallowWrapper {
  Symbol(enzyme.__root__): [Circular],
  Symbol(enzyme.__unrendered__): <SignUpPage />,
  Symbol(enzyme.__renderer__): Object {
    "batchedUpdates": [Function],
    "getNode": [Function],
    "render": [Function],
    "simulateError": [Function],
    "simulateEvent": [Function],
    "unmount": [Function],
  },
  Symbol(enzyme.__node__): Object {
    "instance": null,
    "key": undefined,
    "nodeType": "class",
    "props": Object {
      "children": Array [
        <MediaQuery
          minDeviceWidth={700}
          values={Object {}}
>
          <SideImageComponent
                    message="Obtive crédito para capital de giro. O processo foi bem sucedido e tudo que foi abordado, foi cumprido."
                    messageAuthor={
                              <Unknown>
                                        <strong>
                                                  Camila Bragança,
                                        </strong>
                                        <br />
                                        Sideral Tecnologia
                              </Unknown>
                    }
          />
</MediaQuery>,
        <styled.div>
          <NavBarComponent />
          <styled.div>
                    <withStateHandlers(SignUpFormComponent) />
          </styled.div>
</styled.div>,
      ],
    },
    "ref": null,
    "rendered": Array [
      Object {
        "instance": null,
        "key": undefined,
        "nodeType": "class",
        "props": Object {
          "children": <SideImageComponent
            message="Obtive crédito para capital de giro. O processo foi bem sucedido e tudo que foi abordado, foi cumprido."
            messageAuthor={
                        <Unknown>
                                    <strong>
                                                Camila Bragança,
                                    </strong>
                                    <br />
                                    Sideral Tecnologia
                        </Unknown>
            }
/>,
          "minDeviceWidth": 700,
          "values": Object {},
        },
        "ref": null,
        "rendered": Object {
          "instance": null,
          "key": undefined,
          "nodeType": "function",
          "props": Object {
            "message": "Obtive crédito para capital de giro. O processo foi bem sucedido e tudo que foi abordado, foi cumprido.",
            "messageAuthor": <Unknown>
              <strong>
                            Camila Bragança,
              </strong>
              <br />
              Sideral Tecnologia
</Unknown>,
          },
          "ref": null,
          "rendered": null,
          "type": [Function],
        },
        "type": [Function],
      },
      Object {
        "instance": null,
        "key": undefined,
        "nodeType": "class",
        "props": Object {
          "children": Array [
            <NavBarComponent />,
            <styled.div>
              <withStateHandlers(SignUpFormComponent) />
</styled.div>,
          ],
        },
        "ref": null,
        "rendered": Array [
          Object {
            "instance": null,
            "key": undefined,
            "nodeType": "function",
            "props": Object {},
            "ref": null,
            "rendered": null,
            "type": [Function],
          },
          Object {
            "instance": null,
            "key": undefined,
            "nodeType": "class",
            "props": Object {
              "children": <withStateHandlers(SignUpFormComponent) />,
            },
            "ref": null,
            "rendered": Object {
              "instance": null,
              "key": undefined,
              "nodeType": "class",
              "props": Object {},
              "ref": null,
              "rendered": null,
              "type": [Function],
            },
            "type": [Function],
          },
        ],
        "type": [Function],
      },
    ],
    "type": [Function],
  },
  Symbol(enzyme.__nodes__): Array [
    Object {
      "instance": null,
      "key": undefined,
      "nodeType": "class",
      "props": Object {
        "children": Array [
          <MediaQuery
            minDeviceWidth={700}
            values={Object {}}
>
            <SideImageComponent
                        message="Obtive crédito para capital de giro. O processo foi bem sucedido e tudo que foi abordado, foi cumprido."
                        messageAuthor={
                                    <Unknown>
                                                <strong>
                                                            Camila Bragança,
                                                </strong>
                                                <br />
                                                Sideral Tecnologia
                                    </Unknown>
                        }
            />
</MediaQuery>,
          <styled.div>
            <NavBarComponent />
            <styled.div>
                        <withStateHandlers(SignUpFormComponent) />
            </styled.div>
</styled.div>,
        ],
      },
      "ref": null,
      "rendered": Array [
        Object {
          "instance": null,
          "key": undefined,
          "nodeType": "class",
          "props": Object {
            "children": <SideImageComponent
              message="Obtive crédito para capital de giro. O processo foi bem sucedido e tudo que foi abordado, foi cumprido."
              messageAuthor={
                            <Unknown>
                                          <strong>
                                                        Camila Bragança,
                                          </strong>
                                          <br />
                                          Sideral Tecnologia
                            </Unknown>
              }
/>,
            "minDeviceWidth": 700,
            "values": Object {},
          },
          "ref": null,
          "rendered": Object {
            "instance": null,
            "key": undefined,
            "nodeType": "function",
            "props": Object {
              "message": "Obtive crédito para capital de giro. O processo foi bem sucedido e tudo que foi abordado, foi cumprido.",
              "messageAuthor": <Unknown>
                <strong>
                                Camila Bragança,
                </strong>
                <br />
                Sideral Tecnologia
</Unknown>,
            },
            "ref": null,
            "rendered": null,
            "type": [Function],
          },
          "type": [Function],
        },
        Object {
          "instance": null,
          "key": undefined,
          "nodeType": "class",
          "props": Object {
            "children": Array [
              <NavBarComponent />,
              <styled.div>
                <withStateHandlers(SignUpFormComponent) />
</styled.div>,
            ],
          },
          "ref": null,
          "rendered": Array [
            Object {
              "instance": null,
              "key": undefined,
              "nodeType": "function",
              "props": Object {},
              "ref": null,
              "rendered": null,
              "type": [Function],
            },
            Object {
              "instance": null,
              "key": undefined,
              "nodeType": "class",
              "props": Object {
                "children": <withStateHandlers(SignUpFormComponent) />,
              },
              "ref": null,
              "rendered": Object {
                "instance": null,
                "key": undefined,
                "nodeType": "class",
                "props": Object {},
                "ref": null,
                "rendered": null,
                "type": [Function],
              },
              "type": [Function],
            },
          ],
          "type": [Function],
        },
      ],
      "type": [Function],
    },
  ],
  Symbol(enzyme.__options__): Object {
    "adapter": ReactSixteenAdapter {
      "options": Object {
        "enableComponentDidUpdateOnSetState": true,
        "lifecycles": Object {
          "componentDidUpdate": Object {
            "onSetState": true,
          },
          "getDerivedStateFromProps": true,
          "getSnapshotBeforeUpdate": true,
          "setState": Object {
            "skipsComponentDidUpdateOnNullish": true,
          },
        },
      },
    },
    "attachTo": undefined,
    "hydrateIn": undefined,
  },
}
`;
